
inventor_ref  ref/register-simmechanics-link-with-solidworks.html
inventor_mates_supported  ref/supported-autodesk-inventor-constraints-and-their-corresponding-joints.html
proe_ref  ref/linking-and-unlinking-simmechanics-link-software-with-proengineer.html
sw_ref  ref/linking-and-unlinking-simmechanics-link-software-with-solidworks.html
sw_mates_supported  ref/mates-and-joints.html
smlink_doccenter-examplelandingpage examples.html
smlink_install  ug/installing-and-linking-simmechanics-link-software.html
invjoints  ug/joints.html
invjoints-1  ug/joints.html#d122e4462
invjoints-2  ug/joints.html#d122e4468
invrobot  ug/robot-arm.html
invrobot-1  ug/robot-arm.html#d122e4551
invrobot-2  ug/robot-arm.html#d122e4557
proejoints  ug/joints-1.html
proejoints-1  ug/joints-1.html#d122e4594
proejoints-2  ug/joints-1.html#d122e4600
proerobot  ug/robot-arm-1.html
proerobot-1  ug/robot-arm-1.html#d122e4708
proerobot-2  ug/robot-arm-1.html#d122e4714
proestewart  ug/stewart-platform.html
proestewart-1  ug/stewart-platform.html#d122e4757
proestewart-2  ug/stewart-platform.html#d122e4763
swjoints  ug/joints-2.html
swjoints-1  ug/joints-2.html#d122e4804
swjoints-2  ug/joints-2.html#d122e4810
swrobot  ug/robot-arm-2.html
swrobot-1  ug/robot-arm-2.html#d122e4893
swrobot-2  ug/robot-arm-2.html#d122e4899
swstewart  ug/stewart-platform-1.html
swstewart-1  ug/stewart-platform-1.html#d122e4938
swstewart-2  ug/stewart-platform-1.html#d122e4944
swgears  ug/user-added-coordinate-systems.html
swgears-1  ug/user-added-coordinate-systems.html#d122e4983
swgears-2  ug/user-added-coordinate-systems.html#d122e4989