
smlink_install installing-and-linking-simmechanics-link-software.html
invjoints joints.html
invjoints-1 joints.html#d122e4462
invjoints-2 joints.html#d122e4468
invrobot robot-arm.html
invrobot-1 robot-arm.html#d122e4551
invrobot-2 robot-arm.html#d122e4557
proejoints joints-1.html
proejoints-1 joints-1.html#d122e4594
proejoints-2 joints-1.html#d122e4600
proerobot robot-arm-1.html
proerobot-1 robot-arm-1.html#d122e4708
proerobot-2 robot-arm-1.html#d122e4714
proestewart stewart-platform.html
proestewart-1 stewart-platform.html#d122e4757
proestewart-2 stewart-platform.html#d122e4763
swjoints joints-2.html
swjoints-1 joints-2.html#d122e4804
swjoints-2 joints-2.html#d122e4810
swrobot robot-arm-2.html
swrobot-1 robot-arm-2.html#d122e4893
swrobot-2 robot-arm-2.html#d122e4899
swstewart stewart-platform-1.html
swstewart-1 stewart-platform-1.html#d122e4938
swstewart-2 stewart-platform-1.html#d122e4944
swgears user-added-coordinate-systems.html
swgears-1 user-added-coordinate-systems.html#d122e4983
swgears-2 user-added-coordinate-systems.html#d122e4989